

! kpathsea: Running mktexfmt pdflatex.fmt
! mktexfmt: mktexfmt is using the following fmtutil.cnf files (in precedence order):
! mktexfmt: mktexfmt is using the following fmtutil.cnf file for writing changes:
! mktexfmt:   /home/user/.texlive2020/texmf-config/web2c/fmtutil.cnf
! mktexfmt [INFO]: writing formats under /home/user/.texlive2020/texmf-var/web2c
! mktexfmt [INFO]: Did not find entry for byfmt=pdflatex skipped
! mktexfmt [INFO]: total formats: 0
! mktexfmt [INFO]: exiting with status 0
